
> orihon@2.0.1 size
> node scripts/check-size.mjs

orihon.core.esm.js: 0.67 KiB gzip; 21.83 KiB initial load (budget 24 KiB)
orihon.standard.esm.js: 1.36 KiB gzip; 47.78 KiB initial load (budget 50 KiB)
orihon.esm.js: 33.09 KiB gzip; 128.84 KiB initial load (budget 135 KiB)
orihon.object-manager.esm.js: 4.01 KiB gzip; 82.32 KiB initial load (budget 90 KiB)
orihon.locales.esm.js: 0.27 KiB gzip; 2.55 KiB initial load (budget 3 KiB)
orihon.controls.esm.js: 4.40 KiB gzip; 27.32 KiB initial load (budget 30 KiB)
orihon.geo.esm.js: 0.62 KiB gzip; 3.30 KiB initial load (budget 4 KiB)
orihon.popup-content.esm.js: 3.17 KiB gzip (budget 5 KiB)
orihon.draw.esm.js: 7.32 KiB gzip; 28.05 KiB initial load (budget 30 KiB)
orihon.react.esm.js: 1.51 KiB gzip; 40.64 KiB initial load (budget 44 KiB)
orihon.react-object-manager.esm.js: 0.65 KiB gzip; 79.27 KiB initial load (budget 85 KiB)
orihon.global.js: 120.35 KiB gzip (budget 125 KiB)
orihon-chunk-3KUKI43P.js: 0.31 KiB gzip
orihon-locale-packs-J3VWM7NA.js: 0.25 KiB gzip
orihon-map-export-O4BIT2CV.js: 1.65 KiB gzip
orihon-heat-field-webgpu-FN4N5NK7.js: 2.52 KiB gzip
orihon-adaptive-isoline-levels-EBN33LOQ.js: 2.64 KiB gzip
orihon-heat-MDMJMYIT.js: 0.27 KiB gzip
orihon-chunk-3P7HHPFT.js: 0.12 KiB gzip
orihon-chunk-Q75YE2OY.js: 7.42 KiB gzip
orihon-chunk-WOJHF2HT.js: 10.53 KiB gzip
orihon-chunk-MIONJKQJ.js: 5.46 KiB gzip
orihon-chunk-6ZXBNLV6.js: 6.23 KiB gzip
orihon-chunk-J3FZV43Q.js: 0.63 KiB gzip
orihon-chunk-XDGNHXRF.js: 0.41 KiB gzip
orihon-chunk-QQRVGYLJ.js: 5.14 KiB gzip
orihon-chunk-MM3XYXDI.js: 28.00 KiB gzip
orihon-chunk-NJT7E2YU.js: 30.55 KiB gzip
orihon-chunk-6GQAGGJE.js: 0.57 KiB gzip
orihon-chunk-2KXMJNNY.js: 0.38 KiB gzip
orihon-chunk-C3IOX7Z3.js: 1.61 KiB gzip
orihon-chunk-5IKVL6T7.js: 2.98 KiB gzip
orihon-chunk-KTVCORBI.js: 0.54 KiB gzip
orihon-chunk-S3XPAFFG.js: 0.39 KiB gzip
orihon-chunk-OWER5IFJ.js: 1.43 KiB gzip
orihon-chunk-FS3DNQYO.js: 6.75 KiB gzip
orihon-chunk-PSA4BY6T.js: 2.85 KiB gzip
orihon-chunk-O4FCBKN3.js: 4.54 KiB gzip
orihon-chunk-IM2G7ZT6.js: 2.87 KiB gzip
orihon-chunk-7RAVWGEO.js: 0.89 KiB gzip
orihon-chunk-SQDZKDC3.js: 1.48 KiB gzip
orihon-chunk-PQUVDT2C.js: 0.48 KiB gzip
orihon-chunk-NKUSYR4U.js: 0.38 KiB gzip
orihon-chunk-RBNX23KE.js: 2.69 KiB gzip
feature-source.js: 2.22 KiB gzip (budget 5 KiB)

All artifacts under the advertised 150 KiB gzip ceiling.
